
taiwo@LAPTOP-3PQTO38R MINGW64 ~
$ ls
'3D Objects'/
 AppData/
'Application Data'@
 Contacts/
 Cookies@
 Desktop/
 Documents/
 Downloads/
 Dropbox/
 Favorites/
 IntelGraphicsProfiles/
 Links/
'Local Settings'@
 Music/
'My Documents'@
 NTUSER.DAT
 NTUSER.DAT{53b39e88-18c4-11ea-a811-000d3aa4692b}.TM.blf
 NTUSER.DAT{53b39e88-18c4-11ea-a811-000d3aa4692b}.TMContainer00000000000000000001.regtrans-ms
 NTUSER.DAT{53b39e88-18c4-11ea-a811-000d3aa4692b}.TMContainer00000000000000000002.regtrans-ms
 NetHood@
 OneDrive/
 PrintHood@
 Recent@
'Saved Games'/
 Searches/
 SendTo@
'Start Menu'@
 Templates@
 Untitled.ipynb
 Videos/
 Zotero/
 anaconda3/
 lab-bash/
 new_dir/
 ntuser.dat.LOG1
 ntuser.dat.LOG2
 ntuser.ini

taiwo@LAPTOP-3PQTO38R MINGW64 ~
$ mkdir new_dir
mkdir: cannot create directory ‘new_dir’: File exists

taiwo@LAPTOP-3PQTO38R MINGW64 ~
$ git rm -r new_dir
fatal: not a git repository (or any of the parent directories): .git

taiwo@LAPTOP-3PQTO38R MINGW64 ~
$ rm -r new_dir

taiwo@LAPTOP-3PQTO38R MINGW64 ~
$ cp sed.txt lorem-copy
cp: cannot stat 'sed.txt': No such file or directory

taiwo@LAPTOP-3PQTO38R MINGW64 ~
$ cd lab-bash

taiwo@LAPTOP-3PQTO38R MINGW64 ~/lab-bash (master)
$ cp sed.txt lorem-copy
cp: cannot stat 'sed.txt': No such file or directory

taiwo@LAPTOP-3PQTO38R MINGW64 ~/lab-bash (master)
$ cp ./lorem/sed.txt./lorem-copy
cp: missing destination file operand after './lorem/sed.txt./lorem-copy'
Try 'cp --help' for more information.

taiwo@LAPTOP-3PQTO38R MINGW64 ~/lab-bash (master)
$ cp ,/loremsed.txt ./lorem-copy
cp: cannot stat ',/loremsed.txt': No such file or directory

taiwo@LAPTOP-3PQTO38R MINGW64 ~/lab-bash (master)
$ cp .lorem/sed.txt ./lorem-copy/
cp: cannot stat '.lorem/sed.txt': No such file or directory

taiwo@LAPTOP-3PQTO38R MINGW64 ~/lab-bash (master)
$ cp .lorem/sed.txt./lorem-copy/
cp: missing destination file operand after '.lorem/sed.txt./lorem-copy/'
Try 'cp --help' for more information.


taiwo@LAPTOP-3PQTO38R MINGW64 ~/lab-bash (master)
$ cp -r ./lorem/sed.txt ./lorem-copy/

taiwo@LAPTOP-3PQTO38R MINGW64 ~/lab-bash (master)
$ cp -r ./lorem/at.txt;lorem.txt ./lorem-copy/
cp: missing destination file operand after './lorem/at.txt'
Try 'cp --help' for more information.
bash: lorem.txt: command not found

taiwo@LAPTOP-3PQTO38R MINGW64 ~/lab-bash (master)
$ cp -r ./lorem/at.txt; ./lorem/lorem.txt ./lorem-copy/
cp: missing destination file operand after './lorem/at.txt'
Try 'cp --help' for more information.
./lorem/lorem.txt: line 1: Lorem: command not found
./lorem/lorem.txt: line 2: Ut: command not found
./lorem/lorem.txt: line 3: Duis: command not found
./lorem/lorem.txt: line 4: Excepteur: command not found

taiwo@LAPTOP-3PQTO38R MINGW64 ~/lab-bash (master)
$ cp -r ./lorem/sed.txt ./lorem-copy/

taiwo@LAPTOP-3PQTO38R MINGW64 ~/lab-bash (master)
$ cp -r ./lorem/at.txt ./lorem-copy/; ./lorem/lorem.txt ./lorem-copy/
./lorem/lorem.txt: line 1: Lorem: command not found
./lorem/lorem.txt: line 2: Ut: command not found
./lorem/lorem.txt: line 3: Duis: command not found
./lorem/lorem.txt: line 4: Excepteur: command not found

taiwo@LAPTOP-3PQTO38R MINGW64 ~/lab-bash (master)
$ cp ./lorem/at.txt ./lorem-copy/

taiwo@LAPTOP-3PQTO38R MINGW64 ~/lab-bash (master)
$ cp ./lorem/lorem.txt ./lorem-copy/

taiwo@LAPTOP-3PQTO38R MINGW64 ~/lab-bash (master)
$ ls
exercices/  inputs/  lorem/  lorem-copy/  outputs/  readme.md

taiwo@LAPTOP-3PQTO38R MINGW64 ~/lab-bash (master)
$ ls sed.txt
ls: cannot access 'sed.txt': No such file or directory

taiwo@LAPTOP-3PQTO38R MINGW64 ~/lab-bash (master)
$ ls ./lorem/sed.txt
./lorem/sed.txt

taiwo@LAPTOP-3PQTO38R MINGW64 ~/lab-bash (master)
$ show ./lorem/sed.txt
bash: show: command not found

taiwo@LAPTOP-3PQTO38R MINGW64 ~/lab-bash (master)
$ cat sed.txt
cat: sed.txt: No such file or directory

taiwo@LAPTOP-3PQTO38R MINGW64 ~/lab-bash (master)
$ ls
exercices/  inputs/  lorem/  lorem-copy/  outputs/  readme.md

taiwo@LAPTOP-3PQTO38R MINGW64 ~/lab-bash (master)
$ cd lorem

taiwo@LAPTOP-3PQTO38R MINGW64 ~/lab-bash/lorem (master)
$ cat sed.txt
Sed ut perspiciatis unde omnis iste natus error sit voluptatem accusantium doloremque laudantium,
totam rem aperiam, eaque ipsa quae ab illo inventore veritatis et quasi architecto beatae vitae dicta sunt explicabo.
Nemo enim ipsam voluptatem quia voluptas sit aspernatur aut odit aut fugit,
sed quia consequuntur magni dolores eos qui ratione voluptatem sequi nesciunt.
Neque porro quisquam est, qui dolorem ipsum quia dolor sit amet, consectetur, adipisci velit,
sed quia non numquam eius modi tempora incidunt ut labore et dolore magnam aliquam quaerat voluptatem.
Ut enim ad minima veniam, quis nostrum exercitationem ullam corporis suscipit laboriosam,
nisi ut aliquid ex ea commodi consequatur? Quis autem vel eum iure reprehenderit qui in ea voluptate velit esse quam nihil molestiae consequatur,
vel illum qui dolorem eum fugiat quo voluptas nulla pariatur?Homo homini lupus

taiwo@LAPTOP-3PQTO38R MINGW64 ~/lab-bash/lorem (master)
$ cat at.txt
At vero eos ET accusamus ET iusto odio dignissimos ducimus qui blanditiis praesentium voluptatum
deleniti atque corrupti quos dolores ET quas molestias excepturi sint occaecati cupiditate non
provident, similique sunt in culpa qui officia deserunt mollitia animi, id est laborum ET dolorum fuga.
Et harum quidem rerum facilis est ET expedita distinctio.
Nam libero tempore, cum soluta nobis est eligendi optio cumque nihil impedit quo minus id quod
maxime placeat facere possimus, omnis voluptas assumenda est, omnis dolor repellendus.
Temporibus autem quibusdam ET aut officiis debitis aut rerum necessitatibus saepe eveniET
ut ET voluptates repudiandae sint ET molestiae non recusandae.
Itaque earum rerum hic tenETur a sapiente delectus, ut aut reiciendis voluptatibus maiores
alias consequatur aut perferendis doloribus asperiores repellat

taiwo@LAPTOP-3PQTO38R MINGW64 ~/lab-bash/lorem (master)
$ cat lorem.txt
Lorem ipsum dolor sit amet, consectetur adipiscing elit, sed do eiusmod tempor incididunt ut labore et dolore magna aliqua.
Ut enim ad minim veniam, quis nostrud exercitation ullamco laboris nisi ut aliquip ex ea commodo consequat.
Duis aute irure dolor in reprehenderit in voluptate velit esse cillum dolore eu fugiat nulla pariatur.
Excepteur sint occaecat cupidatat non proident, sunt in culpa qui officia deserunt mollit anim id est laborum.
taiwo@LAPTOP-3PQTO38R MINGW64 ~/lab-bash/lorem (master)
$ head 3 sed.txt
head: cannot open '3' for reading: No such file or directory
==> sed.txt <==
Sed ut perspiciatis unde omnis iste natus error sit voluptatem accusantium doloremque laudantium,
totam rem aperiam, eaque ipsa quae ab illo inventore veritatis et quasi architecto beatae vitae dicta sunt explicabo.
Nemo enim ipsam voluptatem quia voluptas sit aspernatur aut odit aut fugit,
sed quia consequuntur magni dolores eos qui ratione voluptatem sequi nesciunt.
Neque porro quisquam est, qui dolorem ipsum quia dolor sit amet, consectetur, adipisci velit,
sed quia non numquam eius modi tempora incidunt ut labore et dolore magnam aliquam quaerat voluptatem.
Ut enim ad minima veniam, quis nostrum exercitationem ullam corporis suscipit laboriosam,
nisi ut aliquid ex ea commodi consequatur? Quis autem vel eum iure reprehenderit qui in ea voluptate velit esse quam nihil molestiae consequatur,
vel illum qui dolorem eum fugiat quo voluptas nulla pariatur?Homo homini lupus

taiwo@LAPTOP-3PQTO38R MINGW64 ~/lab-bash/lorem (master)
$ head -3 sed.txt
Sed ut perspiciatis unde omnis iste natus error sit voluptatem accusantium doloremque laudantium,
totam rem aperiam, eaque ipsa quae ab illo inventore veritatis et quasi architecto beatae vitae dicta sunt explicabo.
Nemo enim ipsam voluptatem quia voluptas sit aspernatur aut odit aut fugit,

taiwo@LAPTOP-3PQTO38R MINGW64 ~/lab-bash/lorem (master)
$ cd lorem-copy
bash: cd: lorem-copy: Not a directory

taiwo@LAPTOP-3PQTO38R MINGW64 ~/lab-bash/lorem (master)
$ cd lab-bash
bash: cd: lab-bash: No such file or directory

taiwo@LAPTOP-3PQTO38R MINGW64 ~/lab-bash/lorem (master)
$ ls
at.txt  at.txte  lorem-copy  lorem.txt  sed.txt

taiwo@LAPTOP-3PQTO38R MINGW64 ~/lab-bash/lorem (master)
$ pwd
/c/Users/taiwo/lab-bash/lorem

taiwo@LAPTOP-3PQTO38R MINGW64 ~/lab-bash/lorem (master)
$ cd lab-bash
bash: cd: lab-bash: No such file or directory

taiwo@LAPTOP-3PQTO38R MINGW64 ~/lab-bash/lorem (master)
$ cd taiwo
bash: cd: taiwo: No such file or directory

taiwo@LAPTOP-3PQTO38R MINGW64 ~/lab-bash/lorem (master)
$ cd lorem
bash: cd: lorem: No such file or directory

taiwo@LAPTOP-3PQTO38R MINGW64 ~/lab-bash/lorem (master)
$ cd Users
bash: cd: Users: No such file or directory

taiwo@LAPTOP-3PQTO38R MINGW64 ~/lab-bash/lorem (master)
$ ls
at.txt  at.txte  lorem-copy  lorem.txt  sed.txt

taiwo@LAPTOP-3PQTO38R MINGW64 ~/lab-bash/lorem (master)
$ cd /Users/
bash: cd: /Users/: No such file or directory

taiwo@LAPTOP-3PQTO38R MINGW64 ~/lab-bash/lorem (master)
$ cd /c/

taiwo@LAPTOP-3PQTO38R MINGW64 /c
$ cd Users

taiwo@LAPTOP-3PQTO38R MINGW64 /c/Users
$ cd taiwo

taiwo@LAPTOP-3PQTO38R MINGW64 ~
$ cd lab-bash

taiwo@LAPTOP-3PQTO38R MINGW64 ~/lab-bash (master)
$ cd lorem-copy

taiwo@LAPTOP-3PQTO38R MINGW64 ~/lab-bash/lorem-copy (master)
$ head -3 sed.txt
Sed ut perspiciatis unde omnis iste natus error sit voluptatem accusantium doloremque laudantium,
totam rem aperiam, eaque ipsa quae ab illo inventore veritatis et quasi architecto beatae vitae dicta sunt explicabo.
Nemo enim ipsam voluptatem quia voluptas sit aspernatur aut odit aut fugit,

taiwo@LAPTOP-3PQTO38R MINGW64 ~/lab-bash/lorem-copy (master)
$ tail -3 sed.txt
Ut enim ad minima veniam, quis nostrum exercitationem ullam corporis suscipit laboriosam,
nisi ut aliquid ex ea commodi consequatur? Quis autem vel eum iure reprehenderit qui in ea voluptate velit esse quam nihil molestiae consequatur,
vel illum qui dolorem eum fugiat quo voluptas nulla pariatur?Homo homini lupus

taiwo@LAPTOP-3PQTO38R MINGW64 ~/lab-bash/lorem-copy (master)
$ add Homo homini lupus. sed.txt
bash: add: command not found

taiwo@LAPTOP-3PQTO38R MINGW64 ~/lab-bash/lorem-copy (master)
$ add ./lorem-copy/sed.txt Homo homini lupus.
bash: add: command not found

taiwo@LAPTOP-3PQTO38R MINGW64 ~/lab-bash/lorem-copy (master)
$ touch Homo homini lupus.sed.txt

taiwo@LAPTOP-3PQTO38R MINGW64 ~/lab-bash/lorem-copy (master)
$ tail -3 sed.txt
Ut enim ad minima veniam, quis nostrum exercitationem ullam corporis suscipit laboriosam,
nisi ut aliquid ex ea commodi consequatur? Quis autem vel eum iure reprehenderit qui in ea voluptate velit esse quam nihil molestiae consequatur,
vel illum qui dolorem eum fugiat quo voluptas nulla pariatur?Homo homini lupus

taiwo@LAPTOP-3PQTO38R MINGW64 ~/lab-bash/lorem-copy (master)
$ cd..
bash: cd..: command not found

taiwo@LAPTOP-3PQTO38R MINGW64 ~/lab-bash/lorem-copy (master)
$ cd ..

taiwo@LAPTOP-3PQTO38R MINGW64 ~/lab-bash (master)
$ cd lorem

taiwo@LAPTOP-3PQTO38R MINGW64 ~/lab-bash/lorem (master)
$ sed -i -r 's/^(et|ET) ~/at.txt
>
> $ cat sed.txt
> cd ..
>
>
>
> ^C

taiwo@LAPTOP-3PQTO38R MINGW64 ~/lab-bash/lorem (master)
$ cat sed.txt
Sed ut perspiciatis unde omnis iste natus error sit voluptatem accusantium doloremque laudantium,
totam rem aperiam, eaque ipsa quae ab illo inventore veritatis et quasi architecto beatae vitae dicta sunt explicabo.
Nemo enim ipsam voluptatem quia voluptas sit aspernatur aut odit aut fugit,
sed quia consequuntur magni dolores eos qui ratione voluptatem sequi nesciunt.
Neque porro quisquam est, qui dolorem ipsum quia dolor sit amet, consectetur, adipisci velit,
sed quia non numquam eius modi tempora incidunt ut labore et dolore magnam aliquam quaerat voluptatem.
Ut enim ad minima veniam, quis nostrum exercitationem ullam corporis suscipit laboriosam,
nisi ut aliquid ex ea commodi consequatur? Quis autem vel eum iure reprehenderit qui in ea voluptate velit esse quam nihil molestiae consequatur,
vel illum qui dolorem eum fugiat quo voluptas nulla pariatur?Homo homini lupus

taiwo@LAPTOP-3PQTO38R MINGW64 ~/lab-bash/lorem (master)
$ cat at.txt
At vero eos ET accusamus ET iusto odio dignissimos ducimus qui blanditiis praesentium voluptatum
deleniti atque corrupti quos dolores ET quas molestias excepturi sint occaecati cupiditate non
provident, similique sunt in culpa qui officia deserunt mollitia animi, id est laborum ET dolorum fuga.
Et harum quidem rerum facilis est ET expedita distinctio.
Nam libero tempore, cum soluta nobis est eligendi optio cumque nihil impedit quo minus id quod
maxime placeat facere possimus, omnis voluptas assumenda est, omnis dolor repellendus.
Temporibus autem quibusdam ET aut officiis debitis aut rerum necessitatibus saepe eveniET
ut ET voluptates repudiandae sint ET molestiae non recusandae.
Itaque earum rerum hic tenETur a sapiente delectus, ut aut reiciendis voluptatibus maiores
alias consequatur aut perferendis doloribus asperiores repellat

taiwo@LAPTOP-3PQTO38R MINGW64 ~/lab-bash/lorem (master)
$ whoami
taiwo

taiwo@LAPTOP-3PQTO38R MINGW64 ~/lab-bash/lorem (master)
$ pwd
/c/Users/taiwo/lab-bash/lorem

taiwo@LAPTOP-3PQTO38R MINGW64 ~/lab-bash/lorem (master)
$ ls
at.txt  at.txte  lorem-copy  lorem.txt  sed.txt

taiwo@LAPTOP-3PQTO38R MINGW64 ~/lab-bash/lorem (master)
$ ls .txt
ls: cannot access '.txt': No such file or directory

taiwo@LAPTOP-3PQTO38R MINGW64 ~/lab-bash/lorem (master)
$ ls -t
lorem-copy  lorem.txt  sed.txt  at.txte  at.txt

taiwo@LAPTOP-3PQTO38R MINGW64 ~/lab-bash/lorem (master)
$ cat sed.txt | wc -1
wc: unknown option -- 1
Try 'wc --help' for more information.

taiwo@LAPTOP-3PQTO38R MINGW64 ~/lab-bash/lorem (master)
$ wc -1 sed.txt
wc: unknown option -- 1
Try 'wc --help' for more information.

taiwo@LAPTOP-3PQTO38R MINGW64 ~/lab-bash/lorem (master)
$ cat sed.txt | wc -l
9

taiwo@LAPTOP-3PQTO38R MINGW64 ~/lab-bash/lorem (master)
$ cd ..

taiwo@LAPTOP-3PQTO38R MINGW64 ~/lab-bash (master)
$ ls-files | wc -l
bash: ls-files: command not found
0

taiwo@LAPTOP-3PQTO38R MINGW64 ~/lab-bash (master)
$ ls-files "./*.lorem" | wc -l
bash: ls-files: command not found
0

taiwo@LAPTOP-3PQTO38R MINGW64 ~/lab-bash (master)
$ pwd
/c/Users/taiwo/lab-bash

taiwo@LAPTOP-3PQTO38R MINGW64 ~/lab-bash (master)
$ ls -l
total 12
drwxr-xr-x 1 taiwo 197609    0 Jan 13 07:40 exercices/
drwxr-xr-x 1 taiwo 197609    0 Jan 13 07:40 inputs/
drwxr-xr-x 1 taiwo 197609    0 Jan 13 13:38 lorem/
drwxr-xr-x 1 taiwo 197609    0 Jan 13 15:48 lorem-copy/
drwxr-xr-x 1 taiwo 197609    0 Jan 13 07:40 outputs/
-rw-r--r-- 1 taiwo 197609 2597 Jan 13 07:40 readme.md

taiwo@LAPTOP-3PQTO38R MINGW64 ~/lab-bash (master)
$ ls-l "./*.lorem" | wc -l
bash: ls-l: command not found
0

taiwo@LAPTOP-3PQTO38R MINGW64 ~/lab-bash (master)
$ ls -l
total 12
drwxr-xr-x 1 taiwo 197609    0 Jan 13 07:40 exercices/
drwxr-xr-x 1 taiwo 197609    0 Jan 13 07:40 inputs/
drwxr-xr-x 1 taiwo 197609    0 Jan 13 13:38 lorem/
drwxr-xr-x 1 taiwo 197609    0 Jan 13 15:48 lorem-copy/
drwxr-xr-x 1 taiwo 197609    0 Jan 13 07:40 outputs/
-rw-r--r-- 1 taiwo 197609 2597 Jan 13 07:40 readme.md

taiwo@LAPTOP-3PQTO38R MINGW64 ~/lab-bash (master)
$ ls-l  | wc -l
bash: ls-l: command not found
0

taiwo@LAPTOP-3PQTO38R MINGW64 ~/lab-bash (master)
$ ls-l ./lorem/
bash: ls-l: command not found

taiwo@LAPTOP-3PQTO38R MINGW64 ~/lab-bash (master)
$ ls-l ./lorem/ ^C

taiwo@LAPTOP-3PQTO38R MINGW64 ~/lab-bash (master)
$ name= 'Taiwo'
bash: Taiwo: command not found

taiwo@LAPTOP-3PQTO38R MINGW64 ~/lab-bash (master)
$ name = 'Taiwo'
bash: name: command not found

taiwo@LAPTOP-3PQTO38R MINGW64 ~/lab-bash (master)
$ name='Taiwo'

taiwo@LAPTOP-3PQTO38R MINGW64 ~/lab-bash (master)
$ cat name
cat: name: No such file or directory

taiwo@LAPTOP-3PQTO38R MINGW64 ~/lab-bash (master)
$ mkdir name

taiwo@LAPTOP-3PQTO38R MINGW64 ~/lab-bash (master)
$ rm -r name

taiwo@LAPTOP-3PQTO38R MINGW64 ~/lab-bash (master)
$
